channel:StringType:0
imei:StringType:1
ad_id:StringType:2
label:IntegerType:3
ad_group_id:StringType:4
owner_id:StringType:5
plan_id:StringType:6
agency_id:StringType:7
extension_type:StringType:8
billing_type:StringType:9
ad_source:StringType:10
creative_cate_id:StringType:11
creative_sub_cate_id:StringType:12
creative_third_cate_id:StringType:13
global_spec_id:StringType:14
app_cat1_id:StringType:15
app_cat2_id:StringType:16
app_cat3_id:StringType:17
creative_page_type:StringType:18
plan_day_budget_disc_:StringType:19
ad_age_disc_:StringType:20
copywriter_industry:StringType:21
copywriter_id:StringType:22
creative_cr_id:StringType:23
acc_id:StringType:24
brand_name:StringType:25
price_disc_:StringType:26
industry_type:StringType:27
source:StringType:28
creative_spark_page_id:StringType:29
company_id:StringType:30
ad_app_id:StringType:31
feeds_ad_ctr_30d_disc_:StringType:32
feeds_ad_down_r_30d_disc_:StringType:33
feeds_ad_ecpm_30d_disc_:StringType:34
feeds_ad_ctr_1d_disc_:StringType:35
feeds_ad_ctcvr_1d_disc_:StringType:36
feeds_ad_deep_ctcvr_1d_disc_:StringType:37
lm_ad_ctr_30d_disc_:StringType:38
lm_ad_down_r_30d_disc_:StringType:39
lm_ad_ecpm_30d_disc_:StringType:40
lm_ad_ctr_1d_disc_:StringType:41
lm_ad_ctcvr_1d_disc_:StringType:42
lm_ad_deep_ctcvr_1d_disc_:StringType:43
app_duration_30d:ArrayType(StringType,true):44
app_duration_1d:ArrayType(StringType,true):45
app_duration_3d:ArrayType(StringType,true):46
app_duration_7d:ArrayType(StringType,true):47
app_duration_15d:ArrayType(StringType,true):48
app_install_list_90d:ArrayType(StringType,true):49
app_uninstall_list_90d:ArrayType(StringType,true):50
otag_lv1_union:ArrayType(StringType,true):51
otag_lv2_union:ArrayType(StringType,true):52
otag_lv3_union:ArrayType(StringType,true):53
lv1_news:ArrayType(StringType,true):54
lv2_news:ArrayType(StringType,true):55
lv3_news:ArrayType(StringType,true):56
lv1_query:ArrayType(StringType,true):57
lv2_query:ArrayType(StringType,true):58
lv3_query:ArrayType(StringType,true):59
lv1_url:ArrayType(StringType,true):60
lv2_url:ArrayType(StringType,true):61
lv3_url:ArrayType(StringType,true):62
lv1_jits_app:ArrayType(StringType,true):63
lv2_jits_app:ArrayType(StringType,true):64
lv3_jits_app:ArrayType(StringType,true):65
lv1_sms:ArrayType(StringType,true):66
lv2_sms:ArrayType(StringType,true):67
lv3_sms:ArrayType(StringType,true):68
lv1_ad:ArrayType(StringType,true):69
lv2_ad:ArrayType(StringType,true):70
lv3_ad:ArrayType(StringType,true):71
user_mkt_search_query:ArrayType(StringType,true):72
user_browser_search_topic:ArrayType(StringType,true):73
age:StringType:74
has_car:StringType:75
gender:StringType:76
occupation:StringType:77
city:StringType:78
city_level:StringType:79
income_level:StringType:80
child_stage:StringType:81
education:StringType:82
consume_level:StringType:83
company_industry:StringType:84
weekday_getup_time:StringType:85
weekday_sleep_time:StringType:86
weekend_getup_time:StringType:87
weekend_sleep_time:StringType:88
go_work_commute_type:StringType:89
go_home_commute_type:StringType:90
go_work_commute_length:StringType:91
go_home_commute_length:StringType:92
leave_work_hour:StringType:93
leave_home_hour:StringType:94
province:StringType:95
model_level_2:StringType:96
model_series:StringType:97
phone_os_version:StringType:98
phone_reserve_ratio:StringType:99
model_market_time:StringType:100
model_price:StringType:101
phone_use_months:StringType:102
phone_ram:StringType:103
phone_rom:StringType:104
phone_rom_version:StringType:105
phone_android_version:StringType:106
phone_ip_operator:StringType:107
phone_buy_channel:StringType:108
phone_battery_life:StringType:109
phone_frame_level:StringType:110
phone_life_cycle:StringType:111
phone_color:StringType:112
music_level:StringType:113
pre_use_call:StringType:114
pre_use_mob:StringType:115
pre_use_onlineshopping:StringType:116
pre_use_photo:StringType:117
pre_use_photoself:StringType:118
pre_use_shortvideo:StringType:119
pre_use_social:StringType:120
pre_use_tourism:StringType:121
game_pref:StringType:122
online_game_pref:StringType:123
standalone_game_pref:StringType:124
board_game_pref:StringType:125
tecent_game_pref:StringType:126
game_download_pref:StringType:127
game_launch_num_disc_:StringType:128
sdk_pay_active:StringType:129
sdk_lastpay_1w:StringType:130
sdk_lastpay_1m:StringType:131
sdk_lastpay_3m:StringType:132
sdk_notpay_3m:StringType:133
game_active:StringType:134
game_pay_sum_1d_disc_:StringType:135
game_pay_sum_7d_disc_:StringType:136
game_pay_sum_15d_disc_:StringType:137
game_pay_sum_30d_disc_:StringType:138
game_pay_sum_90d_disc_:StringType:139
game_pay_sum_180d_disc_:StringType:140
game_pay_sum_history_disc_:StringType:141
game_pay_mon_90d_disc_:StringType:142
game_pay_tue_90d_disc_:StringType:143
game_pay_wed_90d_disc_:StringType:144
game_pay_thu_90d_disc_:StringType:145
game_pay_fri_90d_disc_:StringType:146
game_pay_sat_90d_disc_:StringType:147
game_pay_sun_90d_disc_:StringType:148
game_pay_weekday_90d_disc_:StringType:149
game_pay_weekend_90d_disc_:StringType:150
game_pay_cat_num_90d_disc_:StringType:151
feeds_active:StringType:152
union_active:StringType:153
ad_feeds_active:StringType:154
ad_union_active:StringType:155
ad_feeds_expose_active:StringType:156
ad_union_expose_active:StringType:157
ad_feeds_cate_num:StringType:158
ad_union_cate_num:StringType:159
feeds_expose_nums_7d_disc_:StringType:160
feeds_expose_nums_15d_disc_:StringType:161
feeds_expose_nums_30d_disc_:StringType:162
feeds_click_nums_7d_disc_:StringType:163
feeds_click_nums_15d_disc_:StringType:164
feeds_click_nums_30d_disc_:StringType:165
feeds_down_nums_7d_disc_:StringType:166
feeds_down_nums_15d_disc_:StringType:167
feeds_down_nums_30d_disc_:StringType:168
feeds_trans_nums_7d_disc_:StringType:169
feeds_trans_nums_15d_disc_:StringType:170
feeds_trans_nums_30d_disc_:StringType:171
feeds_deep_trans_nums_7d_disc_:StringType:172
feeds_deep_trans_nums_15d_disc_:StringType:173
feeds_deep_trans_nums_30d_disc_:StringType:174
feeds_ctr_7d_disc_:StringType:175
feeds_ctr_15d_disc_:StringType:176
feeds_ctr_30d_disc_:StringType:177
feeds_ctcvr_7d_disc_:StringType:178
feeds_ctcvr_15d_disc_:StringType:179
feeds_ctcvr_30d_disc_:StringType:180
feeds_deep_ctcvr_7d_disc_:StringType:181
feeds_deep_ctcvr_15d_disc_:StringType:182
feeds_deep_ctcvr_30d_disc_:StringType:183
feeds_acc_cost_7d_disc_:StringType:184
feeds_acc_cost_15d_disc_:StringType:185
feeds_acc_cost_30d_disc_:StringType:186
feeds_ecpm_7d_disc_:StringType:187
feeds_ecpm_15d_disc_:StringType:188
feeds_ecpm_30d_disc_:StringType:189
feeds_ltv1_pay_7d_disc_:StringType:190
feeds_ltv1_pay_15d_disc_:StringType:191
feeds_ltv1_pay_30d_disc_:StringType:192
feeds_roi_7d_disc_:StringType:193
feeds_roi_15d_disc_:StringType:194
feeds_roi_30d_disc_:StringType:195
union_expose_nums_7d_disc_:StringType:196
union_expose_nums_15d_disc_:StringType:197
union_expose_nums_30d_disc_:StringType:198
union_click_nums_7d_disc_:StringType:199
union_click_nums_15d_disc_:StringType:200
union_click_nums_30d_disc_:StringType:201
union_down_nums_7d_disc_:StringType:202
union_down_nums_15d_disc_:StringType:203
union_down_nums_30d_disc_:StringType:204
union_trans_nums_7d_disc_:StringType:205
union_trans_nums_15d_disc_:StringType:206
union_trans_nums_30d_disc_:StringType:207
union_deep_trans_nums_7d_disc_:StringType:208
union_deep_trans_nums_15d_disc_:StringType:209
union_deep_trans_nums_30d_disc_:StringType:210
union_ctr_7d_disc_:StringType:211
union_ctr_15d_disc_:StringType:212
union_ctr_30d_disc_:StringType:213
union_ctcvr_7d_disc_:StringType:214
union_ctcvr_15d_disc_:StringType:215
union_ctcvr_30d_disc_:StringType:216
union_deep_ctcvr_7d_disc_:StringType:217
union_deep_ctcvr_15d_disc_:StringType:218
union_deep_ctcvr_30d_disc_:StringType:219
union_acc_cost_7d_disc_:StringType:220
union_acc_cost_15d_disc_:StringType:221
union_acc_cost_30d_disc_:StringType:222
union_ecpm_7d_disc_:StringType:223
union_ecpm_15d_disc_:StringType:224
union_ecpm_30d_disc_:StringType:225
union_ltv1_pay_7d_disc_:StringType:226
union_ltv1_pay_15d_disc_:StringType:227
union_ltv1_pay_30d_disc_:StringType:228
union_roi_7d_disc_:StringType:229
union_roi_15d_disc_:StringType:230
union_roi_30d_disc_:StringType:231